Starting net.fabricmc.loader.impl.game.minecraft.BundlerClassPathCapture
[05:44:07] [main/INFO]: Loading Minecraft 26.1.2 with Fabric Loader 0.19.3
[05:44:07] [main/WARN]: Ignoring invalid library path <HOME>/AppData/Local/PowerToys"
[05:44:07] [main/INFO]: Mappings not present!
[05:44:07] [main/INFO]: Loading 42 mods:
	- fabric-api 0.153.0+26.1.2
	   |-- fabric-api-base 2.0.3+ece063234c
	   |-- fabric-api-lookup-api-v1 2.0.12+d5a053b64c
	   |-- fabric-biome-api-v1 18.0.5+2fa62b4e4c
	   |-- fabric-block-api-v1 3.0.2+ec56b6014c
	   |-- fabric-block-getter-api-v2 2.0.6+ec56b6014c
	   |-- fabric-command-api-v2 3.0.5+e2bdee784c
	   |-- fabric-content-registries-v0 11.2.1+76b0b6bb4c
	   |-- fabric-convention-tags-v2 4.6.2+4f11f7994c
	   |-- fabric-crash-report-info-v1 1.0.3+9f78a5a84c
	   |-- fabric-creative-tab-api-v1 5.0.11+d871b99e4c
	   |-- fabric-data-attachment-api-v1 2.2.8+44a0bd1d4c
	   |-- fabric-data-generation-api-v1 24.3.1+4ec50a434c
	   |-- fabric-debug-api-v1 1.0.1+c792624d4c
	   |-- fabric-dimensions-v1 5.1.6+9cbf5da54c
	   |-- fabric-entity-events-v1 5.0.2+e2bdee784c
	   |-- fabric-events-interaction-v0 5.2.2+07b380be4c
	   |-- fabric-game-rule-api-v1 4.0.5+d871b99e4c
	   |-- fabric-item-api-v1 14.2.0+a2a3a8914c
	   |-- fabric-key-mapping-api-v1 2.0.4+e2bdee784c
	   |-- fabric-lifecycle-events-v1 4.1.1+df84eb3d4c
	   |-- fabric-loot-api-v3 3.0.12+00a1fba64c
	   |-- fabric-menu-api-v1 2.0.14+d871b99e4c
	   |-- fabric-message-api-v1 7.0.5+dae8ce3e4c
	   |-- fabric-model-loading-api-v1 8.0.9+c80601bb4c
	   |-- fabric-networking-api-v1 6.3.1+554860db4c
	   |-- fabric-object-builder-api-v1 23.0.17+b95dd56e4c
	   |-- fabric-particles-v1 5.0.15+b61fef434c
	   |-- fabric-permission-api-v1 1.0.1+c3369b134c
	   |-- fabric-recipe-api-v1 9.0.16+be4b75ae4c
	   |-- fabric-registry-sync-v0 7.1.0+2fa62b4e4c
	   |-- fabric-renderer-api-v1 13.0.6+c80601bb4c
	   |-- fabric-renderer-indigo 8.1.3+1403e82c4c
	   |-- fabric-rendering-fluids-v1 6.0.1+d871b99e4c
	   |-- fabric-rendering-v1 23.2.0+c9da2e974c
	   |-- fabric-resource-conditions-api-v1 6.1.0+83dd0ba34c
	   |-- fabric-resource-loader-v0 3.3.17+4fc5413f4c
	   |-- fabric-resource-loader-v1 2.0.10+7c44c7324c
	   |-- fabric-screen-api-v1 5.0.2+1ed6f6f64c
	   |-- fabric-serialization-api-v1 2.0.3+11a26f314c
	   |-- fabric-sound-api-v1 2.0.4+11a26f314c
	   |-- fabric-tag-api-v1 2.1.1+371cf5db4c
	   |-- fabric-transfer-api-v1 8.0.6+357ea7334c
	   /-- fabric-transitive-access-wideners-v1 8.1.1+7f80f93d4c
	- fabricloader 0.19.3
	   /-- mixinextras 0.5.4
	- java 25
	- minecraft 26.1.2
	- pathweaver 0.9.0+26.1.2
[05:44:08] [main/INFO]: SpongePowered MIXIN Subsystem Version=0.8.7 Source=file:/<SERVER>/libraries/net/fabricmc/sponge-mixin/0.17.3+mixin.0.8.7/sponge-mixin-0.17.3+mixin.0.8.7.jar Service=Knot/Fabric Env=SERVER
[05:44:08] [main/INFO]: Compatibility level set to JAVA_25
[05:44:08] [main/INFO]: Initializing MixinExtras via com.llamalad7.mixinextras.service.MixinExtrasServiceImpl(version=0.5.4).
WARNING: A terminally deprecated method in sun.misc.Unsafe has been called
WARNING: sun.misc.Unsafe::objectFieldOffset has been called by org.joml.MemUtil$MemUtilUnsafe (file:/<SERVER>/libraries/org/joml/joml/1.10.8/joml-1.10.8.jar)
WARNING: Please consider reporting this to the maintainers of class org.joml.MemUtil$MemUtilUnsafe
WARNING: sun.misc.Unsafe::objectFieldOffset will be removed in a future release
[05:44:12] [main/INFO]: PathWeaver initializing
[05:44:12] [main/INFO]: Verified exact Fabric content-registry/vanilla Swim tuple.
[05:44:12] [main/INFO]: Verified exact Fabric land-registry lifecycle and hook targets; Walk may dispatch only while the monotonic registry latch remains empty.
[05:44:12] [main/INFO]: Verified exact audited compatibility tuple for 'fabric-events-interaction-v0'; only its pinned claim is exempt.
[05:44:12] [main/INFO]: Foreign-mixin scan complete: scanned=33, failed=0, deniedFamilies=0.
[05:44:12] [main/INFO]: Environment: Environment[sessionHost=https://sessionserver.mojang.com, servicesHost=https://api.minecraftservices.com, profilesHost=https://api.mojang.com, name=PROD]
[05:44:13] [main/INFO]: Loaded 1515 recipes
[05:44:13] [main/INFO]: Loaded 1617 advancements
[05:44:13] [main/INFO]: Applied 0 biome modifications to 0 of 65 new biomes in 947.8 μs
[05:44:13] [Server thread/INFO]: PathWeaver runtime started: epoch=1, 8 worker thread(s), maxInFlight=256.
[05:44:13] [Server thread/INFO]: PathWeaver is ACTIVE: all 6 movement families can path off-thread.
[05:44:13] [Server thread/INFO]: Mob-origin CodeSource probe: Mob=true, Zombie=true, moddedBypass=true.
[05:44:13] [Server thread/WARN]: Experimental async boundary: mod-defined mobs are allowed by compatibilityTier=UNSAFE by the origin gate; vanilla-class Mixins and live mob/world/block reads remain unsnapshotted.
[05:44:13] [Server thread/INFO]: Starting minecraft server version 26.1.2
[05:44:13] [Server thread/INFO]: Loading properties
[05:44:13] [Server thread/INFO]: Default game type: SURVIVAL
[05:44:13] [Server thread/INFO]: Generating keypair
[05:44:13] [Server thread/INFO]: Starting Minecraft server on *:25565
[05:44:13] [Server thread/WARN]: **** SERVER IS RUNNING IN OFFLINE/INSECURE MODE!
[05:44:13] [Server thread/WARN]: The server will make no attempt to authenticate usernames. Beware.
[05:44:13] [Server thread/WARN]: While this makes the game possible to play without internet access, it also opens up the ability for hackers to connect with any username they choose.
[05:44:13] [Server thread/WARN]: To change this, set "online-mode" to "true" in the server.properties file.
[05:44:13] [Server thread/INFO]: Preparing level "clean-test"
[05:44:13] [Server thread/INFO]: Loading 0 persistent chunks...
[05:44:13] [Server thread/INFO]: Time elapsed: 10 ms
[05:44:13] [Server thread/INFO]: Done (0.133s)! For help, type "help"
[05:44:13] [Server thread/INFO]: Saving chunks for level 'ServerLevel[clean-test]'/minecraft:overworld
[05:44:13] [Server thread/INFO]: Saving chunks for level 'ServerLevel[clean-test]'/minecraft:the_nether
[05:44:13] [Server thread/INFO]: Saving chunks for level 'ServerLevel[clean-test]'/minecraft:the_end
[05:44:13] [Server thread/INFO]: ThreadedAnvilChunkStorage (world): All chunks are saved
[05:44:13] [Server thread/INFO]: ThreadedAnvilChunkStorage (DIM-1): All chunks are saved
[05:44:13] [Server thread/INFO]: ThreadedAnvilChunkStorage (DIM1): All chunks are saved
[05:44:13] [Server thread/INFO]: ThreadedAnvilChunkStorage: All dimensions are saved
[05:44:14] [Server thread/INFO]: Stopping the server
[05:44:14] [Server thread/INFO]: PathWeaver stats: dispatched=0, installed=0, discarded=0.
[05:44:14] [Server thread/INFO]: Stopping server
[05:44:14] [Server thread/INFO]: Saving players
[05:44:14] [Server thread/INFO]: Saving worlds
[05:44:14] [Server thread/INFO]: Saving chunks for level 'ServerLevel[clean-test]'/minecraft:overworld
[05:44:14] [Server thread/INFO]: Saving chunks for level 'ServerLevel[clean-test]'/minecraft:the_nether
[05:44:14] [Server thread/INFO]: Saving chunks for level 'ServerLevel[clean-test]'/minecraft:the_end
[05:44:14] [Server thread/INFO]: ThreadedAnvilChunkStorage (world): All chunks are saved
[05:44:14] [Server thread/INFO]: ThreadedAnvilChunkStorage (DIM-1): All chunks are saved
[05:44:14] [Server thread/INFO]: ThreadedAnvilChunkStorage (DIM1): All chunks are saved
[05:44:14] [Server thread/INFO]: ThreadedAnvilChunkStorage: All dimensions are saved
