Downloading Minecraft server
Installing Fabric Loader 0.19.5(26.2) on the server
Downloading required files
Downloading library org.ow2.asm:asm:9.10.1
Downloading library org.ow2.asm:asm-analysis:9.10.1
Downloading library org.ow2.asm:asm-commons:9.10.1
Downloading library org.ow2.asm:asm-tree:9.10.1
Downloading library org.ow2.asm:asm-util:9.10.1
Downloading library net.fabricmc:sponge-mixin:0.17.4+mixin.0.8.7
Downloading library net.fabricmc:fabric-loader:0.19.5
Generating server launch JAR
Unpacking 26.2/server-26.2.jar (versions:26.2) to versions/26.2/server-26.2.jar
Unpacking at/yawk/lz4/lz4-java/1.10.1/lz4-java-1.10.1.jar (libraries:at.yawk.lz4:lz4-java:1.10.1) to libraries/at/yawk/lz4/lz4-java/1.10.1/lz4-java-1.10.1.jar
Unpacking com/azure/azure-json/1.4.0/azure-json-1.4.0.jar (libraries:com.azure:azure-json:1.4.0) to libraries/com/azure/azure-json/1.4.0/azure-json-1.4.0.jar
Unpacking com/github/oshi/oshi-core/6.9.0/oshi-core-6.9.0.jar (libraries:com.github.oshi:oshi-core:6.9.0) to libraries/com/github/oshi/oshi-core/6.9.0/oshi-core-6.9.0.jar
Unpacking com/google/code/gson/gson/2.14.0/gson-2.14.0.jar (libraries:com.google.code.gson:gson:2.14.0) to libraries/com/google/code/gson/gson/2.14.0/gson-2.14.0.jar
Unpacking com/google/guava/failureaccess/1.0.3/failureaccess-1.0.3.jar (libraries:com.google.guava:failureaccess:1.0.3) to libraries/com/google/guava/failureaccess/1.0.3/failureaccess-1.0.3.jar
Unpacking com/google/guava/guava/33.6.0-jre/guava-33.6.0-jre.jar (libraries:com.google.guava:guava:33.6.0-jre) to libraries/com/google/guava/guava/33.6.0-jre/guava-33.6.0-jre.jar
Unpacking com/microsoft/azure/msal4j/1.24.1/msal4j-1.24.1.jar (libraries:com.microsoft.azure:msal4j:1.24.1) to libraries/com/microsoft/azure/msal4j/1.24.1/msal4j-1.24.1.jar
Unpacking com/mojang/authlib/9.0.75/authlib-9.0.75.jar (libraries:com.mojang:authlib:9.0.75) to libraries/com/mojang/authlib/9.0.75/authlib-9.0.75.jar
Unpacking com/mojang/brigadier/1.3.10/brigadier-1.3.10.jar (libraries:com.mojang:brigadier:1.3.10) to libraries/com/mojang/brigadier/1.3.10/brigadier-1.3.10.jar
Unpacking com/mojang/datafixerupper/10.0.21/datafixerupper-10.0.21.jar (libraries:com.mojang:datafixerupper:10.0.21) to libraries/com/mojang/datafixerupper/10.0.21/datafixerupper-10.0.21.jar
Unpacking com/mojang/jtracy/1.0.37/jtracy-1.0.37.jar (libraries:com.mojang:jtracy:1.0.37) to libraries/com/mojang/jtracy/1.0.37/jtracy-1.0.37.jar
Unpacking com/mojang/logging/1.7.12/logging-1.7.12.jar (libraries:com.mojang:logging:1.7.12) to libraries/com/mojang/logging/1.7.12/logging-1.7.12.jar
Unpacking commons-io/commons-io/2.20.0/commons-io-2.20.0.jar (libraries:commons-io:commons-io:2.20.0) to libraries/commons-io/commons-io/2.20.0/commons-io-2.20.0.jar
Unpacking io/netty/netty-buffer/4.2.15.Final/netty-buffer-4.2.15.Final.jar (libraries:io.netty:netty-buffer:4.2.15.Final) to libraries/io/netty/netty-buffer/4.2.15.Final/netty-buffer-4.2.15.Final.jar
Unpacking io/netty/netty-codec-base/4.2.15.Final/netty-codec-base-4.2.15.Final.jar (libraries:io.netty:netty-codec-base:4.2.15.Final) to libraries/io/netty/netty-codec-base/4.2.15.Final/netty-codec-base-4.2.15.Final.jar
Unpacking io/netty/netty-codec-compression/4.2.15.Final/netty-codec-compression-4.2.15.Final.jar (libraries:io.netty:netty-codec-compression:4.2.15.Final) to libraries/io/netty/netty-codec-compression/4.2.15.Final/netty-codec-compression-4.2.15.Final.jar
Unpacking io/netty/netty-codec-http/4.2.15.Final/netty-codec-http-4.2.15.Final.jar (libraries:io.netty:netty-codec-http:4.2.15.Final) to libraries/io/netty/netty-codec-http/4.2.15.Final/netty-codec-http-4.2.15.Final.jar
Unpacking io/netty/netty-common/4.2.15.Final/netty-common-4.2.15.Final.jar (libraries:io.netty:netty-common:4.2.15.Final) to libraries/io/netty/netty-common/4.2.15.Final/netty-common-4.2.15.Final.jar
Unpacking io/netty/netty-handler/4.2.15.Final/netty-handler-4.2.15.Final.jar (libraries:io.netty:netty-handler:4.2.15.Final) to libraries/io/netty/netty-handler/4.2.15.Final/netty-handler-4.2.15.Final.jar
Unpacking io/netty/netty-resolver/4.2.15.Final/netty-resolver-4.2.15.Final.jar (libraries:io.netty:netty-resolver:4.2.15.Final) to libraries/io/netty/netty-resolver/4.2.15.Final/netty-resolver-4.2.15.Final.jar
Unpacking io/netty/netty-transport/4.2.15.Final/netty-transport-4.2.15.Final.jar (libraries:io.netty:netty-transport:4.2.15.Final) to libraries/io/netty/netty-transport/4.2.15.Final/netty-transport-4.2.15.Final.jar
Unpacking io/netty/netty-transport-classes-epoll/4.2.15.Final/netty-transport-classes-epoll-4.2.15.Final.jar (libraries:io.netty:netty-transport-classes-epoll:4.2.15.Final) to libraries/io/netty/netty-transport-classes-epoll/4.2.15.Final/netty-transport-classes-epoll-4.2.15.Final.jar
Unpacking io/netty/netty-transport-classes-kqueue/4.2.15.Final/netty-transport-classes-kqueue-4.2.15.Final.jar (libraries:io.netty:netty-transport-classes-kqueue:4.2.15.Final) to libraries/io/netty/netty-transport-classes-kqueue/4.2.15.Final/netty-transport-classes-kqueue-4.2.15.Final.jar
Unpacking io/netty/netty-transport-native-epoll/4.2.15.Final/netty-transport-native-epoll-4.2.15.Final-linux-x86_64.jar (libraries:io.netty:netty-transport-native-epoll:4.2.15.Final:linux-x86_64) to libraries/io/netty/netty-transport-native-epoll/4.2.15.Final/netty-transport-native-epoll-4.2.15.Final-linux-x86_64.jar
Unpacking io/netty/netty-transport-native-epoll/4.2.15.Final/netty-transport-native-epoll-4.2.15.Final-linux-aarch_64.jar (libraries:io.netty:netty-transport-native-epoll:4.2.15.Final:linux-aarch_64) to libraries/io/netty/netty-transport-native-epoll/4.2.15.Final/netty-transport-native-epoll-4.2.15.Final-linux-aarch_64.jar
Unpacking io/netty/netty-transport-native-kqueue/4.2.15.Final/netty-transport-native-kqueue-4.2.15.Final-osx-x86_64.jar (libraries:io.netty:netty-transport-native-kqueue:4.2.15.Final:osx-x86_64) to libraries/io/netty/netty-transport-native-kqueue/4.2.15.Final/netty-transport-native-kqueue-4.2.15.Final-osx-x86_64.jar
Unpacking io/netty/netty-transport-native-kqueue/4.2.15.Final/netty-transport-native-kqueue-4.2.15.Final-osx-aarch_64.jar (libraries:io.netty:netty-transport-native-kqueue:4.2.15.Final:osx-aarch_64) to libraries/io/netty/netty-transport-native-kqueue/4.2.15.Final/netty-transport-native-kqueue-4.2.15.Final-osx-aarch_64.jar
Unpacking io/netty/netty-transport-native-unix-common/4.2.15.Final/netty-transport-native-unix-common-4.2.15.Final.jar (libraries:io.netty:netty-transport-native-unix-common:4.2.15.Final) to libraries/io/netty/netty-transport-native-unix-common/4.2.15.Final/netty-transport-native-unix-common-4.2.15.Final.jar
Unpacking it/unimi/dsi/fastutil/8.5.18/fastutil-8.5.18.jar (libraries:it.unimi.dsi:fastutil:8.5.18) to libraries/it/unimi/dsi/fastutil/8.5.18/fastutil-8.5.18.jar
Unpacking net/java/dev/jna/jna/5.17.0/jna-5.17.0.jar (libraries:net.java.dev.jna:jna:5.17.0) to libraries/net/java/dev/jna/jna/5.17.0/jna-5.17.0.jar
Unpacking net/java/dev/jna/jna-platform/5.17.0/jna-platform-5.17.0.jar (libraries:net.java.dev.jna:jna-platform:5.17.0) to libraries/net/java/dev/jna/jna-platform/5.17.0/jna-platform-5.17.0.jar
Unpacking net/sf/jopt-simple/jopt-simple/5.0.4/jopt-simple-5.0.4.jar (libraries:net.sf.jopt-simple:jopt-simple:5.0.4) to libraries/net/sf/jopt-simple/jopt-simple/5.0.4/jopt-simple-5.0.4.jar
Unpacking org/apache/commons/commons-lang3/3.20.0/commons-lang3-3.20.0.jar (libraries:org.apache.commons:commons-lang3:3.20.0) to libraries/org/apache/commons/commons-lang3/3.20.0/commons-lang3-3.20.0.jar
Unpacking org/apache/logging/log4j/log4j-api/2.26.0/log4j-api-2.26.0.jar (libraries:org.apache.logging.log4j:log4j-api:2.26.0) to libraries/org/apache/logging/log4j/log4j-api/2.26.0/log4j-api-2.26.0.jar
Unpacking org/apache/logging/log4j/log4j-core/2.26.0/log4j-core-2.26.0.jar (libraries:org.apache.logging.log4j:log4j-core:2.26.0) to libraries/org/apache/logging/log4j/log4j-core/2.26.0/log4j-core-2.26.0.jar
Unpacking org/apache/logging/log4j/log4j-slf4j2-impl/2.26.0/log4j-slf4j2-impl-2.26.0.jar (libraries:org.apache.logging.log4j:log4j-slf4j2-impl:2.26.0) to libraries/org/apache/logging/log4j/log4j-slf4j2-impl/2.26.0/log4j-slf4j2-impl-2.26.0.jar
Unpacking org/joml/joml/1.10.8/joml-1.10.8.jar (libraries:org.joml:joml:1.10.8) to libraries/org/joml/joml/1.10.8/joml-1.10.8.jar
Unpacking org/jspecify/jspecify/1.0.0/jspecify-1.0.0.jar (libraries:org.jspecify:jspecify:1.0.0) to libraries/org/jspecify/jspecify/1.0.0/jspecify-1.0.0.jar
Unpacking org/slf4j/slf4j-api/2.0.17/slf4j-api-2.0.17.jar (libraries:org.slf4j:slf4j-api:2.0.17) to libraries/org/slf4j/slf4j-api/2.0.17/slf4j-api-2.0.17.jar
Starting net.fabricmc.loader.impl.game.minecraft.BundlerClassPathCapture
[19:46:05] [main/INFO]: Loading Minecraft 26.2 with Fabric Loader 0.19.5
[19:46:05] [main/WARN]: Ignoring invalid library path <HOME>/AppData/Local/PowerToys"
[19:46:05] [main/INFO]: Mappings not present!
[19:46:06] [main/INFO]: Loading 41 mods:
	- fabric-api 0.157.0+26.2
	   |-- fabric-api-base 2.0.4+ece063239e
	   |-- fabric-api-lookup-api-v1 2.0.17+11e1c9a39e
	   |-- fabric-biome-api-v1 18.0.6+c7bd5b8e9e
	   |-- fabric-block-api-v1 3.0.3+ec56b6019e
	   |-- fabric-block-getter-api-v2 2.0.7+ec56b6019e
	   |-- fabric-command-api-v2 3.1.0+00cb03469e
	   |-- fabric-content-registries-v0 11.3.1+37b1aa249e
	   |-- fabric-convention-tags-v2 4.7.0+1f023a9e9e
	   |-- fabric-crash-report-info-v1 1.0.5+086d547a9e
	   |-- fabric-creative-tab-api-v1 5.0.14+d871b99e9e
	   |-- fabric-data-attachment-api-v1 2.2.18+515ac5339e
	   |-- fabric-data-generation-api-v1 25.5.0+aed122aa9e
	   |-- fabric-debug-api-v1 1.0.2+c792624d9e
	   |-- fabric-dimensions-v1 5.1.11+515ac5339e
	   |-- fabric-entity-events-v1 5.0.5+06488ac19e
	   |-- fabric-events-interaction-v0 5.2.7+515ac5339e
	   |-- fabric-game-rule-api-v1 4.0.8+46a6d00c9e
	   |-- fabric-item-api-v1 14.4.0+49a69a7b9e
	   |-- fabric-lifecycle-events-v1 4.1.3+4575b05f9e
	   |-- fabric-loot-api-v3 3.0.17+06488ac19e
	   |-- fabric-menu-api-v1 2.0.16+086d547a9e
	   |-- fabric-message-api-v1 7.0.8+bb2ed3f79e
	   |-- fabric-networking-api-v1 6.3.3+72073ef09e
	   |-- fabric-object-builder-api-v1 24.1.0+6fcd5f039e
	   |-- fabric-particles-v1 5.0.18+d1756aa99e
	   |-- fabric-permission-api-v1 1.0.5+e442d8d09e
	   |-- fabric-recipe-api-v1 9.0.20+11e1c9a39e
	   |-- fabric-registry-sync-v0 7.1.0+c7bd5b8e9e
	   |-- fabric-rendering-fluids-v1 6.0.4+06488ac19e
	   |-- fabric-resource-conditions-api-v1 6.1.0+10e9a28b9e
	   |-- fabric-resource-loader-v0 3.3.20+4fc5413f9e
	   |-- fabric-resource-loader-v1 2.0.13+9edec1269e
	   |-- fabric-serialization-api-v1 2.0.4+11a26f319e
	   |-- fabric-tag-api-v1 2.1.4+515ac5339e
	   |-- fabric-transfer-api-v1 8.0.12+11dbb7d79e
	   /-- fabric-transitive-access-wideners-v1 8.1.4+67c847259e
	- fabricloader 0.19.5
	   /-- mixinextras 0.5.5
	- java 25
	- minecraft 26.2
[19:46:06] [main/INFO]: SpongePowered MIXIN Subsystem Version=0.8.7 Source=file:/<SERVER>/libraries/net/fabricmc/sponge-mixin/0.17.4+mixin.0.8.7/sponge-mixin-0.17.4+mixin.0.8.7.jar Service=Knot/Fabric Env=SERVER
[19:46:07] [main/INFO]: Initializing MixinExtras via com.llamalad7.mixinextras.service.MixinExtrasServiceImpl(version=0.5.5).
WARNING: A terminally deprecated method in sun.misc.Unsafe has been called
WARNING: sun.misc.Unsafe::objectFieldOffset has been called by org.joml.MemUtil$MemUtilUnsafe (file:/<SERVER>/libraries/org/joml/joml/1.10.8/joml-1.10.8.jar)
WARNING: Please consider reporting this to the maintainers of class org.joml.MemUtil$MemUtilUnsafe
WARNING: sun.misc.Unsafe::objectFieldOffset will be removed in a future release
[19:46:18] [main/INFO]: Environment: Environment[sessionHost=https://sessionserver.mojang.com, servicesHost=https://api.minecraftservices.com, profilesHost=https://api.mojang.com, name=PROD]
[19:46:18] [Worker-Main-15/INFO]: No existing world data, creating new world
[19:46:18] [Worker-Main-15/ERROR]: No key layers in MapLike[{}]
[19:46:19] [main/INFO]: Loaded 1585 recipes
[19:46:19] [main/INFO]: Loaded 1688 advancements
[19:46:19] [main/INFO]: Applied 0 biome modifications to 0 of 66 new biomes in 1.479 ms
[19:46:19] [Server thread/INFO]: Starting minecraft server version 26.2
[19:46:19] [Server thread/INFO]: Loading properties
[19:46:19] [Server thread/INFO]: Default game type: SURVIVAL
[19:46:19] [Server thread/INFO]: Generating keypair
[19:46:19] [Server thread/INFO]: Starting Minecraft server on *:25565
[19:46:20] [Server thread/WARN]: **** SERVER IS RUNNING IN OFFLINE/INSECURE MODE!
[19:46:20] [Server thread/WARN]: The server will make no attempt to authenticate usernames. Beware.
[19:46:20] [Server thread/WARN]: While this makes the game possible to play without internet access, it also opens up the ability for hackers to connect with any username they choose.
[19:46:20] [Server thread/WARN]: To change this, set "online-mode" to "true" in the server.properties file.
[19:46:20] [Server thread/INFO]: Preparing level "world"
[19:46:20] [Server thread/INFO]: Selecting global world spawn...
[19:46:20] [Server thread/INFO]: Loading 0 persistent chunks...
[19:46:21] [Server thread/INFO]: Preparing spawn area: 100%
[19:46:21] [Server thread/INFO]: Time elapsed: 695 ms
[19:46:21] [Server thread/INFO]: Done (0.887s)! For help, type "help"
[19:46:21] [Server thread/INFO]: Saving chunks for level 'ServerLevel[world]'/minecraft:overworld
[19:46:21] [Server thread/INFO]: Saving chunks for level 'ServerLevel[world]'/minecraft:the_end
[19:46:21] [Server thread/INFO]: Saving chunks for level 'ServerLevel[world]'/minecraft:the_nether
[19:46:21] [Server thread/INFO]: ThreadedAnvilChunkStorage (world): All chunks are saved
[19:46:21] [Server thread/INFO]: ThreadedAnvilChunkStorage (DIM1): All chunks are saved
[19:46:21] [Server thread/INFO]: ThreadedAnvilChunkStorage (DIM-1): All chunks are saved
[19:46:21] [Server thread/INFO]: ThreadedAnvilChunkStorage: All dimensions are saved
[19:46:21] [Server thread/INFO]: An unexpected error occurred while trying to execute that command
[19:47:21] [Server thread/INFO]: Server empty for 60 seconds, pausing
