Starting net.fabricmc.loader.impl.game.minecraft.BundlerClassPathCapture
[05:41:38] [main/INFO]: Loading Minecraft 26.2 with Fabric Loader 0.19.5
[05:41:38] [main/WARN]: Ignoring invalid library path <HOME>/AppData/Local/PowerToys"
[05:41:38] [main/INFO]: Mappings not present!
[05:41:38] [main/INFO]: Loading 42 mods:
	- fabric-api 0.157.0+26.2
	   |-- fabric-api-base 2.0.4+ece063239e
	   |-- fabric-api-lookup-api-v1 2.0.17+11e1c9a39e
	   |-- fabric-biome-api-v1 18.0.6+c7bd5b8e9e
	   |-- fabric-block-api-v1 3.0.3+ec56b6019e
	   |-- fabric-block-getter-api-v2 2.0.7+ec56b6019e
	   |-- fabric-command-api-v2 3.1.0+00cb03469e
	   |-- fabric-content-registries-v0 11.3.1+37b1aa249e
	   |-- fabric-convention-tags-v2 4.7.0+1f023a9e9e
	   |-- fabric-crash-report-info-v1 1.0.5+086d547a9e
	   |-- fabric-creative-tab-api-v1 5.0.14+d871b99e9e
	   |-- fabric-data-attachment-api-v1 2.2.18+515ac5339e
	   |-- fabric-data-generation-api-v1 25.5.0+aed122aa9e
	   |-- fabric-debug-api-v1 1.0.2+c792624d9e
	   |-- fabric-dimensions-v1 5.1.11+515ac5339e
	   |-- fabric-entity-events-v1 5.0.5+06488ac19e
	   |-- fabric-events-interaction-v0 5.2.7+515ac5339e
	   |-- fabric-game-rule-api-v1 4.0.8+46a6d00c9e
	   |-- fabric-item-api-v1 14.4.0+49a69a7b9e
	   |-- fabric-lifecycle-events-v1 4.1.3+4575b05f9e
	   |-- fabric-loot-api-v3 3.0.17+06488ac19e
	   |-- fabric-menu-api-v1 2.0.16+086d547a9e
	   |-- fabric-message-api-v1 7.0.8+bb2ed3f79e
	   |-- fabric-networking-api-v1 6.3.3+72073ef09e
	   |-- fabric-object-builder-api-v1 24.1.0+6fcd5f039e
	   |-- fabric-particles-v1 5.0.18+d1756aa99e
	   |-- fabric-permission-api-v1 1.0.5+e442d8d09e
	   |-- fabric-recipe-api-v1 9.0.20+11e1c9a39e
	   |-- fabric-registry-sync-v0 7.1.0+c7bd5b8e9e
	   |-- fabric-rendering-fluids-v1 6.0.4+06488ac19e
	   |-- fabric-resource-conditions-api-v1 6.1.0+10e9a28b9e
	   |-- fabric-resource-loader-v0 3.3.20+4fc5413f9e
	   |-- fabric-resource-loader-v1 2.0.13+9edec1269e
	   |-- fabric-serialization-api-v1 2.0.4+11a26f319e
	   |-- fabric-tag-api-v1 2.1.4+515ac5339e
	   |-- fabric-transfer-api-v1 8.0.12+11dbb7d79e
	   /-- fabric-transitive-access-wideners-v1 8.1.4+67c847259e
	- fabricloader 0.19.5
	   /-- mixinextras 0.5.5
	- java 25
	- minecraft 26.2
	- pathweaver 0.9.0+26.2
[05:41:38] [main/INFO]: SpongePowered MIXIN Subsystem Version=0.8.7 Source=file:/<SERVER>/libraries/net/fabricmc/sponge-mixin/0.17.4+mixin.0.8.7/sponge-mixin-0.17.4+mixin.0.8.7.jar Service=Knot/Fabric Env=SERVER
[05:41:38] [main/INFO]: Initializing MixinExtras via com.llamalad7.mixinextras.service.MixinExtrasServiceImpl(version=0.5.5).
WARNING: A terminally deprecated method in sun.misc.Unsafe has been called
WARNING: sun.misc.Unsafe::objectFieldOffset has been called by org.joml.MemUtil$MemUtilUnsafe (file:/<SERVER>/libraries/org/joml/joml/1.10.8/joml-1.10.8.jar)
WARNING: Please consider reporting this to the maintainers of class org.joml.MemUtil$MemUtilUnsafe
WARNING: sun.misc.Unsafe::objectFieldOffset will be removed in a future release
[05:41:42] [main/INFO]: PathWeaver initializing
[05:41:42] [main/INFO]: Verified exact Fabric content-registry/vanilla Swim tuple.
[05:41:42] [main/INFO]: Verified exact Fabric land-registry lifecycle and hook targets; Walk may dispatch only while the monotonic registry latch remains empty.
[05:41:43] [main/INFO]: Verified exact audited compatibility tuple for 'fabric-events-interaction-v0'; only its pinned claim is exempt.
[05:41:43] [main/INFO]: Foreign-mixin scan complete: scanned=33, failed=0, deniedFamilies=0.
[05:41:43] [main/INFO]: Environment: Environment[sessionHost=https://sessionserver.mojang.com, servicesHost=https://api.minecraftservices.com, profilesHost=https://api.mojang.com, name=PROD]
[05:41:43] [main/INFO]: Loaded 1585 recipes
[05:41:43] [main/INFO]: Loaded 1688 advancements
[05:41:44] [main/INFO]: Applied 0 biome modifications to 0 of 66 new biomes in 900.9 μs
[05:41:44] [Server thread/INFO]: PathWeaver runtime started: epoch=1, 8 worker thread(s), maxInFlight=256.
[05:41:44] [Server thread/INFO]: PathWeaver is ACTIVE: all 6 movement families can path off-thread.
[05:41:44] [Server thread/INFO]: Mob-origin CodeSource probe: Mob=true, Zombie=true, moddedBypass=true.
[05:41:44] [Server thread/WARN]: Experimental async boundary: mod-defined mobs are allowed by compatibilityTier=UNSAFE by the origin gate; vanilla-class Mixins and live mob/world/block reads remain unsnapshotted.
[05:41:44] [Server thread/INFO]: Starting minecraft server version 26.2
[05:41:44] [Server thread/INFO]: Loading properties
[05:41:44] [Server thread/INFO]: Default game type: SURVIVAL
[05:41:44] [Server thread/INFO]: Generating keypair
[05:41:44] [Server thread/INFO]: Starting Minecraft server on *:25565
[05:41:44] [Server thread/WARN]: **** SERVER IS RUNNING IN OFFLINE/INSECURE MODE!
[05:41:44] [Server thread/WARN]: The server will make no attempt to authenticate usernames. Beware.
[05:41:44] [Server thread/WARN]: While this makes the game possible to play without internet access, it also opens up the ability for hackers to connect with any username they choose.
[05:41:44] [Server thread/WARN]: To change this, set "online-mode" to "true" in the server.properties file.
[05:41:44] [Server thread/INFO]: Preparing level "world"
[05:41:44] [Server thread/INFO]: Loading 0 persistent chunks...
[05:41:44] [Server thread/INFO]: Preparing spawn area: 100%
[05:41:44] [Server thread/INFO]: Time elapsed: 35 ms
[05:41:44] [Server thread/INFO]: Done (0.163s)! For help, type "help"
[05:41:44] [Server thread/INFO]: Saving chunks for level 'ServerLevel[world]'/minecraft:overworld
[05:41:44] [Server thread/INFO]: Saving chunks for level 'ServerLevel[world]'/minecraft:the_nether
[05:41:44] [Server thread/INFO]: Saving chunks for level 'ServerLevel[world]'/minecraft:the_end
[05:41:44] [Server thread/INFO]: ThreadedAnvilChunkStorage (world): All chunks are saved
[05:41:44] [Server thread/INFO]: ThreadedAnvilChunkStorage (DIM-1): All chunks are saved
[05:41:44] [Server thread/INFO]: ThreadedAnvilChunkStorage (DIM1): All chunks are saved
[05:41:44] [Server thread/INFO]: ThreadedAnvilChunkStorage: All dimensions are saved
[05:41:45] [Server thread/INFO]: Stopping the server
[05:41:45] [Server thread/INFO]: PathWeaver stats: dispatched=0, installed=0, discarded=0.
[05:41:45] [Server thread/INFO]: Stopping server
[05:41:45] [Server thread/INFO]: Saving players
[05:41:45] [Server thread/INFO]: Saving worlds
[05:41:45] [Server thread/INFO]: Saving chunks for level 'ServerLevel[world]'/minecraft:overworld
[05:41:45] [Server thread/INFO]: Saving chunks for level 'ServerLevel[world]'/minecraft:the_nether
[05:41:45] [Server thread/INFO]: Saving chunks for level 'ServerLevel[world]'/minecraft:the_end
[05:41:45] [Server thread/INFO]: ThreadedAnvilChunkStorage (world): All chunks are saved
[05:41:45] [Server thread/INFO]: ThreadedAnvilChunkStorage (DIM-1): All chunks are saved
[05:41:45] [Server thread/INFO]: ThreadedAnvilChunkStorage (DIM1): All chunks are saved
[05:41:45] [Server thread/INFO]: ThreadedAnvilChunkStorage: All dimensions are saved
